[17:11:13.901] === DEBUT DE LA PARTIE ===
[17:11:13.905] 🎯 Robot 1 commence avec 3 ♦
[17:11:13.984] 🎮 Debut de la partie
[17:11:14.178] 🎯 Robot 1 commence avec 6 ♥
[17:11:15.114] 🎴 Robot 1 → Simple [3♦]
[17:11:16.031] Robot 2 - Aucune combinaison jouable
[17:11:16.045] 🃏 Robot 2 pioche
[17:11:28.536] 🎴 Vous → Simple [4♥]
[17:11:28.552] === FIN DU ROUND 1 ===
[17:11:28.565] === DEBUT DU ROUND 2 ===
[17:11:35.347] 🎴 Vous → Simple [5♣]
[17:11:36.276] 🎴 Robot 1 → Simple [6♥]
[17:11:37.206] 🎴 Robot 2 → Simple [2♣]
[17:11:37.226] === FIN DU ROUND 2 ===
[17:11:37.248] === DEBUT DU ROUND 3 ===
[17:11:46.712] 🃏 Vous pioche
[17:11:47.658] Robot 1 - Aucune combinaison jouable
[17:11:47.677] 🃏 Robot 1 pioche
[17:11:48.603] Robot 2 - Aucune combinaison jouable
[17:11:48.622] 🃏 Robot 2 pioche
[17:11:48.643] === FIN DU ROUND 3 ===
[17:11:48.658] === DEBUT DU ROUND 4 ===
